20:48:28 **** Incremental Build of configuration Debug for project 0_led_toggle_addr ****
make -j4 all 
arm-none-eabi-gcc "../Src/main.c" -mcpu=cortex-m4 -std=gnu11 -g3 -DDEBUG -DSTM32 -DSTM32F4 -DSTM32F446RETx -c -I../Inc -O0 -ffunction-sections -fdata-sections -Wall -fstack-usage -MMD -MP -MF"Src/main.d" -MT"Src/main.o" --specs=nano.specs -mfpu=fpv4-sp-d16 -mfloat-abi=hard -mthumb -o "Src/main.o"
arm-none-eabi-gcc -o "0_led_toggle_addr.elf" @"objects.list"   -mcpu=cortex-m4 -T"C:\Users\ASUS\Git\Embedded_Systems_Bare-Metal\STM32F4-BareMetal_Workspace\0_led_toggle_addr\STM32F446RETX_FLASH.ld" --specs=nosys.specs -Wl,-Map="0_led_toggle_addr.map" -Wl,--gc-sections -static --specs=nano.specs -mfpu=fpv4-sp-d16 -mfloat-abi=hard -mthumb -Wl,--start-group -lc -lm -Wl,--end-group
Finished building target: 0_led_toggle_addr.elf
 
arm-none-eabi-objdump -h -S  0_led_toggle_addr.elf  > "0_led_toggle_addr.list"
arm-none-eabi-objcopy  -O binary  0_led_toggle_addr.elf  "0_led_toggle_addr.bin"
arm-none-eabi-size   0_led_toggle_addr.elf 
   text	   data	    bss	    dec	    hex	filename
    788	      8	   1568	   2364	    93c	0_led_toggle_addr.elf
Finished building: default.size.stdout
Finished building: 0_led_toggle_addr.list
Finished building: 0_led_toggle_addr.bin
 
 
 
20:48:39 **** Incremental Build of configuration Debug for project 0_led_toggle_addr ****
make -j4 all 
arm-none-eabi-size   0_led_toggle_addr.elf 
   text	   data	    bss	    dec	    hex	filename
    788	      8	   1568	   2364	    93c	0_led_toggle_addr.elf
Finished building: default.size.stdout
 
