Archive member included to satisfy reference by file (symbol)

c:/st/stm32cubeide_1.6.1/stm32cubeide/plugins/com.st.stm32cube.ide.mcu.externaltools.gnu-tools-for-stm32.9-2020-q2-update.win32_1.5.0.202011040924/tools/bin/../lib/gcc/arm-none-eabi/9.3.1/../../../../arm-none-eabi/lib/thumb/v7e-m+fp/hard\libc_nano.a(lib_a-errno.o)
                              Src/syscalls.o (__errno)
c:/st/stm32cubeide_1.6.1/stm32cubeide/plugins/com.st.stm32cube.ide.mcu.externaltools.gnu-tools-for-stm32.9-2020-q2-update.win32_1.5.0.202011040924/tools/bin/../lib/gcc/arm-none-eabi/9.3.1/../../../../arm-none-eabi/lib/thumb/v7e-m+fp/hard\libc_nano.a(lib_a-exit.o)
                              c:/st/stm32cubeide_1.6.1/stm32cubeide/plugins/com.st.stm32cube.ide.mcu.externaltools.gnu-tools-for-stm32.9-2020-q2-update.win32_1.5.0.202011040924/tools/bin/../lib/gcc/arm-none-eabi/9.3.1/../../../../arm-none-eabi/lib/thumb/v7e-m+fp/hard/crt0.o (exit)
c:/st/stm32cubeide_1.6.1/stm32cubeide/plugins/com.st.stm32cube.ide.mcu.externaltools.gnu-tools-for-stm32.9-2020-q2-update.win32_1.5.0.202011040924/tools/bin/../lib/gcc/arm-none-eabi/9.3.1/../../../../arm-none-eabi/lib/thumb/v7e-m+fp/hard\libc_nano.a(lib_a-impure.o)
                              c:/st/stm32cubeide_1.6.1/stm32cubeide/plugins/com.st.stm32cube.ide.mcu.externaltools.gnu-tools-for-stm32.9-2020-q2-update.win32_1.5.0.202011040924/tools/bin/../lib/gcc/arm-none-eabi/9.3.1/../../../../arm-none-eabi/lib/thumb/v7e-m+fp/hard\libc_nano.a(lib_a-exit.o) (_global_impure_ptr)
c:/st/stm32cubeide_1.6.1/stm32cubeide/plugins/com.st.stm32cube.ide.mcu.externaltools.gnu-tools-for-stm32.9-2020-q2-update.win32_1.5.0.202011040924/tools/bin/../lib/gcc/arm-none-eabi/9.3.1/../../../../arm-none-eabi/lib/thumb/v7e-m+fp/hard\libc_nano.a(lib_a-init.o)
                              c:/st/stm32cubeide_1.6.1/stm32cubeide/plugins/com.st.stm32cube.ide.mcu.externaltools.gnu-tools-for-stm32.9-2020-q2-update.win32_1.5.0.202011040924/tools/bin/../lib/gcc/arm-none-eabi/9.3.1/../../../../arm-none-eabi/lib/thumb/v7e-m+fp/hard/crt0.o (__libc_init_array)
c:/st/stm32cubeide_1.6.1/stm32cubeide/plugins/com.st.stm32cube.ide.mcu.externaltools.gnu-tools-for-stm32.9-2020-q2-update.win32_1.5.0.202011040924/tools/bin/../lib/gcc/arm-none-eabi/9.3.1/../../../../arm-none-eabi/lib/thumb/v7e-m+fp/hard\libc_nano.a(lib_a-memset.o)
                              c:/st/stm32cubeide_1.6.1/stm32cubeide/plugins/com.st.stm32cube.ide.mcu.externaltools.gnu-tools-for-stm32.9-2020-q2-update.win32_1.5.0.202011040924/tools/bin/../lib/gcc/arm-none-eabi/9.3.1/../../../../arm-none-eabi/lib/thumb/v7e-m+fp/hard/crt0.o (memset)

Discarded input sections

 .text          0x0000000000000000        0x0 c:/st/stm32cubeide_1.6.1/stm32cubeide/plugins/com.st.stm32cube.ide.mcu.externaltools.gnu-tools-for-stm32.9-2020-q2-update.win32_1.5.0.202011040924/tools/bin/../lib/gcc/arm-none-eabi/9.3.1/thumb/v7e-m+fp/hard/crti.o
 .data          0x0000000000000000        0x0 c:/st/stm32cubeide_1.6.1/stm32cubeide/plugins/com.st.stm32cube.ide.mcu.externaltools.gnu-tools-for-stm32.9-2020-q2-update.win32_1.5.0.202011040924/tools/bin/../lib/gcc/arm-none-eabi/9.3.1/thumb/v7e-m+fp/hard/crti.o
 .bss           0x0000000000000000        0x0 c:/st/stm32cubeide_1.6.1/stm32cubeide/plugins/com.st.stm32cube.ide.mcu.externaltools.gnu-tools-for-stm32.9-2020-q2-update.win32_1.5.0.202011040924/tools/bin/../lib/gcc/arm-none-eabi/9.3.1/thumb/v7e-m+fp/hard/crti.o
 .data          0x0000000000000000        0x4 c:/st/stm32cubeide_1.6.1/stm32cubeide/plugins/com.st.stm32cube.ide.mcu.externaltools.gnu-tools-for-stm32.9-2020-q2-update.win32_1.5.0.202011040924/tools/bin/../lib/gcc/arm-none-eabi/9.3.1/thumb/v7e-m+fp/hard/crtbegin.o
 .text          0x0000000000000000       0x7c c:/st/stm32cubeide_1.6.1/stm32cubeide/plugins/com.st.stm32cube.ide.mcu.externaltools.gnu-tools-for-stm32.9-2020-q2-update.win32_1.5.0.202011040924/tools/bin/../lib/gcc/arm-none-eabi/9.3.1/../../../../arm-none-eabi/lib/thumb/v7e-m+fp/hard/crt0.o
 .data          0x0000000000000000        0x0 c:/st/stm32cubeide_1.6.1/stm32cubeide/plugins/com.st.stm32cube.ide.mcu.externaltools.gnu-tools-for-stm32.9-2020-q2-update.win32_1.5.0.202011040924/tools/bin/../lib/gcc/arm-none-eabi/9.3.1/../../../../arm-none-eabi/lib/thumb/v7e-m+fp/hard/crt0.o
 .bss           0x0000000000000000        0x0 c:/st/stm32cubeide_1.6.1/stm32cubeide/plugins/com.st.stm32cube.ide.mcu.externaltools.gnu-tools-for-stm32.9-2020-q2-update.win32_1.5.0.202011040924/tools/bin/../lib/gcc/arm-none-eabi/9.3.1/../../../../arm-none-eabi/lib/thumb/v7e-m+fp/hard/crt0.o
 .ARM.extab     0x0000000000000000        0x0 c:/st/stm32cubeide_1.6.1/stm32cubeide/plugins/com.st.stm32cube.ide.mcu.externaltools.gnu-tools-for-stm32.9-2020-q2-update.win32_1.5.0.202011040924/tools/bin/../lib/gcc/arm-none-eabi/9.3.1/../../../../arm-none-eabi/lib/thumb/v7e-m+fp/hard/crt0.o
 .ARM.exidx     0x0000000000000000       0x10 c:/st/stm32cubeide_1.6.1/stm32cubeide/plugins/com.st.stm32cube.ide.mcu.externaltools.gnu-tools-for-stm32.9-2020-q2-update.win32_1.5.0.202011040924/tools/bin/../lib/gcc/arm-none-eabi/9.3.1/../../../../arm-none-eabi/lib/thumb/v7e-m+fp/hard/crt0.o
 .ARM.attributes
                0x0000000000000000       0x1c c:/st/stm32cubeide_1.6.1/stm32cubeide/plugins/com.st.stm32cube.ide.mcu.externaltools.gnu-tools-for-stm32.9-2020-q2-update.win32_1.5.0.202011040924/tools/bin/../lib/gcc/arm-none-eabi/9.3.1/../../../../arm-none-eabi/lib/thumb/v7e-m+fp/hard/crt0.o
 .group         0x0000000000000000        0xc Src/adc.o
 .group         0x0000000000000000        0xc Src/adc.o
 .group         0x0000000000000000        0xc Src/adc.o
 .group         0x0000000000000000        0xc Src/adc.o
 .group         0x0000000000000000        0xc Src/adc.o
 .group         0x0000000000000000        0xc Src/adc.o
 .group         0x0000000000000000        0xc Src/adc.o
 .group         0x0000000000000000        0xc Src/adc.o
 .group         0x0000000000000000        0xc Src/adc.o
 .group         0x0000000000000000        0xc Src/adc.o
 .group         0x0000000000000000        0xc Src/adc.o
 .group         0x0000000000000000        0xc Src/adc.o
 .group         0x0000000000000000        0xc Src/adc.o
 .group         0x0000000000000000        0xc Src/adc.o
 .group         0x0000000000000000        0xc Src/adc.o
 .group         0x0000000000000000        0xc Src/adc.o
 .text          0x0000000000000000        0x0 Src/adc.o
 .data          0x0000000000000000        0x0 Src/adc.o
 .bss           0x0000000000000000        0x0 Src/adc.o
 .text.pa1_adc_init
                0x0000000000000000       0x64 Src/adc.o
 .text.start_conversion
                0x0000000000000000       0x2c Src/adc.o
 .text.adc_read
                0x0000000000000000       0x24 Src/adc.o
 .debug_info    0x0000000000000000      0x522 Src/adc.o
 .debug_abbrev  0x0000000000000000      0x129 Src/adc.o
 .debug_aranges
                0x0000000000000000       0x30 Src/adc.o
 .debug_ranges  0x0000000000000000       0x20 Src/adc.o
 .debug_macro   0x0000000000000000      0x108 Src/adc.o
 .debug_macro   0x0000000000000000      0xab4 Src/adc.o
 .debug_macro   0x0000000000000000       0x28 Src/adc.o
 .debug_macro   0x0000000000000000       0x28 Src/adc.o
 .debug_macro   0x0000000000000000       0x22 Src/adc.o
 .debug_macro   0x0000000000000000       0x8e Src/adc.o
 .debug_macro   0x0000000000000000       0x51 Src/adc.o
 .debug_macro   0x0000000000000000      0x103 Src/adc.o
 .debug_macro   0x0000000000000000       0x6a Src/adc.o
 .debug_macro   0x0000000000000000      0x1df Src/adc.o
 .debug_macro   0x0000000000000000       0x1c Src/adc.o
 .debug_macro   0x0000000000000000       0x22 Src/adc.o
 .debug_macro   0x0000000000000000       0xdf Src/adc.o
 .debug_macro   0x0000000000000000     0x102d Src/adc.o
 .debug_macro   0x0000000000000000      0x11f Src/adc.o
 .debug_macro   0x0000000000000000    0x1672d Src/adc.o
 .debug_macro   0x0000000000000000       0x43 Src/adc.o
 .debug_line    0x0000000000000000      0x529 Src/adc.o
 .debug_str     0x0000000000000000    0x8abfb Src/adc.o
 .comment       0x0000000000000000       0x54 Src/adc.o
 .debug_frame   0x0000000000000000       0x70 Src/adc.o
 .ARM.attributes
                0x0000000000000000       0x34 Src/adc.o
 .group         0x0000000000000000        0xc Src/main.o
 .group         0x0000000000000000        0xc Src/main.o
 .group         0x0000000000000000        0xc Src/main.o
 .group         0x0000000000000000        0xc Src/main.o
 .group         0x0000000000000000        0xc Src/main.o
 .group         0x0000000000000000        0xc Src/main.o
 .group         0x0000000000000000        0xc Src/main.o
 .group         0x0000000000000000        0xc Src/main.o
 .group         0x0000000000000000        0xc Src/main.o
 .group         0x0000000000000000        0xc Src/main.o
 .group         0x0000000000000000        0xc Src/main.o
 .group         0x0000000000000000        0xc Src/main.o
 .group         0x0000000000000000        0xc Src/main.o
 .group         0x0000000000000000        0xc Src/main.o
 .group         0x0000000000000000        0xc Src/main.o
 .group         0x0000000000000000        0xc Src/main.o
 .group         0x0000000000000000        0xc Src/main.o
 .group         0x0000000000000000        0xc Src/main.o
 .group         0x0000000000000000        0xc Src/main.o
 .group         0x0000000000000000        0xc Src/main.o
 .group         0x0000000000000000        0xc Src/main.o
 .group         0x0000000000000000        0xc Src/main.o
 .group         0x0000000000000000        0xc Src/main.o
 .group         0x0000000000000000        0xc Src/main.o
 .group         0x0000000000000000        0xc Src/main.o
 .group         0x0000000000000000        0xc Src/main.o
 .group         0x0000000000000000        0xc Src/main.o
 .group         0x0000000000000000        0xc Src/main.o
 .group         0x0000000000000000        0xc Src/main.o
 .group         0x0000000000000000        0xc Src/main.o
 .group         0x0000000000000000        0xc Src/main.o
 .group         0x0000000000000000        0xc Src/main.o
 .group         0x0000000000000000        0xc Src/main.o
 .group         0x0000000000000000        0xc Src/main.o
 .group         0x0000000000000000        0xc Src/main.o
 .group         0x0000000000000000        0xc Src/main.o
 .group         0x0000000000000000        0xc Src/main.o
 .group         0x0000000000000000        0xc Src/main.o
 .group         0x0000000000000000        0xc Src/main.o
 .group         0x0000000000000000        0xc Src/main.o
 .group         0x0000000000000000        0xc Src/main.o
 .group         0x0000000000000000        0xc Src/main.o
 .group         0x0000000000000000        0xc Src/main.o
 .group         0x0000000000000000        0xc Src/main.o
 .group         0x0000000000000000        0xc Src/main.o
 .text          0x0000000000000000        0x0 Src/main.o
 .data          0x0000000000000000        0x0 Src/main.o
 .bss           0x0000000000000000        0x0 Src/main.o
 .debug_macro   0x0000000000000000      0xab4 Src/main.o
 .debug_macro   0x0000000000000000       0x22 Src/main.o
 .debug_macro   0x0000000000000000       0x6a Src/main.o
 .debug_macro   0x0000000000000000      0x103 Src/main.o
 .debug_macro   0x0000000000000000      0x1df Src/main.o
 .debug_macro   0x0000000000000000       0x28 Src/main.o
 .debug_macro   0x0000000000000000       0x28 Src/main.o
 .debug_macro   0x0000000000000000       0x1c Src/main.o
 .debug_macro   0x0000000000000000       0x22 Src/main.o
 .debug_macro   0x0000000000000000     0x102d Src/main.o
 .debug_macro   0x0000000000000000      0x11f Src/main.o
 .debug_macro   0x0000000000000000    0x1672d Src/main.o
 .debug_macro   0x0000000000000000       0x43 Src/main.o
 .group         0x0000000000000000        0xc Src/syscalls.o
 .group         0x0000000000000000        0xc Src/syscalls.o
 .group         0x0000000000000000        0xc Src/syscalls.o
 .group         0x0000000000000000        0xc Src/syscalls.o
 .group         0x0000000000000000        0xc Src/syscalls.o
 .group         0x0000000000000000        0xc Src/syscalls.o
 .group         0x0000000000000000        0xc Src/syscalls.o
 .group         0x0000000000000000        0xc Src/syscalls.o
 .group         0x0000000000000000        0xc Src/syscalls.o
 .group         0x0000000000000000        0xc Src/syscalls.o
 .group         0x0000000000000000        0xc Src/syscalls.o
 .group         0x0000000000000000        0xc Src/syscalls.o
 .group         0x0000000000000000        0xc Src/syscalls.o
 .group         0x0000000000000000        0xc Src/syscalls.o
 .group         0x0000000000000000        0xc Src/syscalls.o
 .group         0x0000000000000000        0xc Src/syscalls.o
 .group         0x0000000000000000        0xc Src/syscalls.o
 .group         0x0000000000000000        0xc Src/syscalls.o
 .group         0x0000000000000000        0xc Src/syscalls.o
 .group         0x0000000000000000        0xc Src/syscalls.o
 .group         0x0000000000000000        0xc Src/syscalls.o
 .group         0x0000000000000000        0xc Src/syscalls.o
 .group         0x0000000000000000        0xc Src/syscalls.o
 .group         0x0000000000000000        0xc Src/syscalls.o
 .group         0x0000000000000000        0xc Src/syscalls.o
 .group         0x0000000000000000        0xc Src/syscalls.o
 .group         0x0000000000000000        0xc Src/syscalls.o
 .group         0x0000000000000000        0xc Src/syscalls.o
 .group         0x0000000000000000        0xc Src/syscalls.o
 .group         0x0000000000000000        0xc Src/syscalls.o
 .group         0x0000000000000000        0xc Src/syscalls.o
 .group         0x0000000000000000        0xc Src/syscalls.o
 .group         0x0000000000000000        0xc Src/syscalls.o
 .group         0x0000000000000000        0xc Src/syscalls.o
 .group         0x0000000000000000        0xc Src/syscalls.o
 .group         0x0000000000000000        0xc Src/syscalls.o
 .group         0x0000000000000000        0xc Src/syscalls.o
 .group         0x0000000000000000        0xc Src/syscalls.o
 .group         0x0000000000000000        0xc Src/syscalls.o
 .group         0x0000000000000000        0xc Src/syscalls.o
 .group         0x0000000000000000        0xc Src/syscalls.o
 .group         0x0000000000000000        0xc Src/syscalls.o
 .group         0x0000000000000000        0xc Src/syscalls.o
 .group         0x0000000000000000        0xc Src/syscalls.o
 .group         0x0000000000000000        0xc Src/syscalls.o
 .group         0x0000000000000000        0xc Src/syscalls.o
 .group         0x0000000000000000        0xc Src/syscalls.o
 .text          0x0000000000000000        0x0 Src/syscalls.o
 .data          0x0000000000000000        0x0 Src/syscalls.o
 .bss           0x0000000000000000        0x0 Src/syscalls.o
 .bss.__env     0x0000000000000000        0x4 Src/syscalls.o
 .data.environ  0x0000000000000000        0x4 Src/syscalls.o
 .text.initialise_monitor_handles
                0x0000000000000000        0xe Src/syscalls.o
 .text._getpid  0x0000000000000000       0x10 Src/syscalls.o
 .text._kill    0x0000000000000000       0x20 Src/syscalls.o
 .text._exit    0x0000000000000000       0x14 Src/syscalls.o
 .text._read    0x0000000000000000       0x3a Src/syscalls.o
 .text._write   0x0000000000000000       0x38 Src/syscalls.o
 .text._close   0x0000000000000000       0x18 Src/syscalls.o
 .text._fstat   0x0000000000000000       0x20 Src/syscalls.o
 .text._isatty  0x0000000000000000       0x16 Src/syscalls.o
 .text._lseek   0x0000000000000000       0x1a Src/syscalls.o
 .text._open    0x0000000000000000       0x1c Src/syscalls.o
 .text._wait    0x0000000000000000       0x1e Src/syscalls.o
 .text._unlink  0x0000000000000000       0x1e Src/syscalls.o
 .text._times   0x0000000000000000       0x18 Src/syscalls.o
 .text._stat    0x0000000000000000       0x20 Src/syscalls.o
 .text._link    0x0000000000000000       0x20 Src/syscalls.o
 .text._fork    0x0000000000000000       0x16 Src/syscalls.o
 .text._execve  0x0000000000000000       0x22 Src/syscalls.o
 .debug_info    0x0000000000000000      0xfa8 Src/syscalls.o
 .debug_abbrev  0x0000000000000000      0x286 Src/syscalls.o
 .debug_aranges
                0x0000000000000000       0xa8 Src/syscalls.o
 .debug_ranges  0x0000000000000000       0x98 Src/syscalls.o
 .debug_macro   0x0000000000000000      0x24c Src/syscalls.o
 .debug_macro   0x0000000000000000      0xab4 Src/syscalls.o
 .debug_macro   0x0000000000000000       0x22 Src/syscalls.o
 .debug_macro   0x0000000000000000       0x4c Src/syscalls.o
 .debug_macro   0x0000000000000000       0x18 Src/syscalls.o
 .debug_macro   0x0000000000000000       0x94 Src/syscalls.o
 .debug_macro   0x0000000000000000       0x3c Src/syscalls.o
 .debug_macro   0x0000000000000000       0x34 Src/syscalls.o
 .debug_macro   0x0000000000000000       0x57 Src/syscalls.o
 .debug_macro   0x0000000000000000      0x174 Src/syscalls.o
 .debug_macro   0x0000000000000000      0x339 Src/syscalls.o
 .debug_macro   0x0000000000000000       0x16 Src/syscalls.o
 .debug_macro   0x0000000000000000       0x43 Src/syscalls.o
 .debug_macro   0x0000000000000000       0x34 Src/syscalls.o
 .debug_macro   0x0000000000000000       0x10 Src/syscalls.o
 .debug_macro   0x0000000000000000       0x58 Src/syscalls.o
 .debug_macro   0x0000000000000000       0x71 Src/syscalls.o
 .debug_macro   0x0000000000000000       0x1c Src/syscalls.o
 .debug_macro   0x0000000000000000      0x12a Src/syscalls.o
 .debug_macro   0x0000000000000000       0x10 Src/syscalls.o
 .debug_macro   0x0000000000000000       0x35 Src/syscalls.o
 .debug_macro   0x0000000000000000       0x10 Src/syscalls.o
 .debug_macro   0x0000000000000000       0x10 Src/syscalls.o
 .debug_macro   0x0000000000000000       0x10 Src/syscalls.o
 .debug_macro   0x0000000000000000       0x6a Src/syscalls.o
 .debug_macro   0x0000000000000000       0x1c Src/syscalls.o
 .debug_macro   0x0000000000000000       0x52 Src/syscalls.o
 .debug_macro   0x0000000000000000       0x22 Src/syscalls.o
 .debug_macro   0x0000000000000000       0x10 Src/syscalls.o
 .debug_macro   0x0000000000000000       0x40 Src/syscalls.o
 .debug_macro   0x0000000000000000       0xd5 Src/syscalls.o
 .debug_macro   0x0000000000000000       0x1c Src/syscalls.o
 .debug_macro   0x0000000000000000       0x3d Src/syscalls.o
 .debug_macro   0x0000000000000000       0x35 Src/syscalls.o
 .debug_macro   0x0000000000000000      0x12c Src/syscalls.o
 .debug_macro   0x0000000000000000       0x16 Src/syscalls.o
 .debug_macro   0x0000000000000000       0x16 Src/syscalls.o
 .debug_macro   0x0000000000000000       0x29 Src/syscalls.o
 .debug_macro   0x0000000000000000       0x10 Src/syscalls.o
 .debug_macro   0x0000000000000000      0x241 Src/syscalls.o
 .debug_macro   0x0000000000000000       0x1c Src/syscalls.o
 .debug_macro   0x0000000000000000       0x10 Src/syscalls.o
 .debug_macro   0x0000000000000000       0x10 Src/syscalls.o
 .debug_macro   0x0000000000000000       0x16 Src/syscalls.o
 .debug_macro   0x0000000000000000      0x145 Src/syscalls.o
 .debug_macro   0x0000000000000000      0x189 Src/syscalls.o
 .debug_macro   0x0000000000000000       0x16 Src/syscalls.o
 .debug_macro   0x0000000000000000       0xce Src/syscalls.o
 .debug_line    0x0000000000000000      0x7fd Src/syscalls.o
 .debug_str     0x0000000000000000     0x8eff Src/syscalls.o
 .comment       0x0000000000000000       0x54 Src/syscalls.o
 .debug_frame   0x0000000000000000      0x2ac Src/syscalls.o
 .ARM.attributes
                0x0000000000000000       0x34 Src/syscalls.o
 .group         0x0000000000000000        0xc Src/sysmem.o
 .group         0x0000000000000000        0xc Src/sysmem.o
 .group         0x0000000000000000        0xc Src/sysmem.o
 .group         0x0000000000000000        0xc Src/sysmem.o
 .group         0x0000000000000000        0xc Src/sysmem.o
 .group         0x0000000000000000        0xc Src/sysmem.o
 .group         0x0000000000000000        0xc Src/sysmem.o
 .group         0x0000000000000000        0xc Src/sysmem.o
 .group         0x0000000000000000        0xc Src/sysmem.o
 .group         0x0000000000000000        0xc Src/sysmem.o
 .group         0x0000000000000000        0xc Src/sysmem.o
 .group         0x0000000000000000        0xc Src/sysmem.o
 .group         0x0000000000000000        0xc Src/sysmem.o
 .group         0x0000000000000000        0xc Src/sysmem.o
 .group         0x0000000000000000        0xc Src/sysmem.o
 .group         0x0000000000000000        0xc Src/sysmem.o
 .group         0x0000000000000000        0xc Src/sysmem.o
 .group         0x0000000000000000        0xc Src/sysmem.o
 .group         0x0000000000000000        0xc Src/sysmem.o
 .group         0x0000000000000000        0xc Src/sysmem.o
 .group         0x0000000000000000        0xc Src/sysmem.o
 .group         0x0000000000000000        0xc Src/sysmem.o
 .text          0x0000000000000000        0x0 Src/sysmem.o
 .data          0x0000000000000000        0x0 Src/sysmem.o
 .bss           0x0000000000000000        0x0 Src/sysmem.o
 .bss.__sbrk_heap_end
                0x0000000000000000        0x4 Src/sysmem.o
 .text._sbrk    0x0000000000000000       0x6c Src/sysmem.o
 .debug_info    0x0000000000000000      0xa25 Src/sysmem.o
 .debug_abbrev  0x0000000000000000      0x1bf Src/sysmem.o
 .debug_aranges
                0x0000000000000000       0x20 Src/sysmem.o
 .debug_ranges  0x0000000000000000       0x10 Src/sysmem.o
 .debug_macro   0x0000000000000000       0xff Src/sysmem.o
 .debug_macro   0x0000000000000000      0xab4 Src/sysmem.o
 .debug_macro   0x0000000000000000       0x10 Src/sysmem.o
 .debug_macro   0x0000000000000000       0x22 Src/sysmem.o
 .debug_macro   0x0000000000000000       0x4c Src/sysmem.o
 .debug_macro   0x0000000000000000       0x18 Src/sysmem.o
 .debug_macro   0x0000000000000000       0x94 Src/sysmem.o
 .debug_macro   0x0000000000000000       0x3c Src/sysmem.o
 .debug_macro   0x0000000000000000       0x34 Src/sysmem.o
 .debug_macro   0x0000000000000000      0x174 Src/sysmem.o
 .debug_macro   0x0000000000000000       0x16 Src/sysmem.o
 .debug_macro   0x0000000000000000       0x43 Src/sysmem.o
 .debug_macro   0x0000000000000000       0x57 Src/sysmem.o
 .debug_macro   0x0000000000000000       0x34 Src/sysmem.o
 .debug_macro   0x0000000000000000       0x10 Src/sysmem.o
 .debug_macro   0x0000000000000000       0x58 Src/sysmem.o
 .debug_macro   0x0000000000000000       0x71 Src/sysmem.o
 .debug_macro   0x0000000000000000       0x1c Src/sysmem.o
 .debug_macro   0x0000000000000000      0x12a Src/sysmem.o
 .debug_macro   0x0000000000000000      0x23b Src/sysmem.o
 .debug_macro   0x0000000000000000      0x103 Src/sysmem.o
 .debug_macro   0x0000000000000000       0x6a Src/sysmem.o
 .debug_macro   0x0000000000000000      0x1df Src/sysmem.o
 .debug_line    0x0000000000000000      0x4f3 Src/sysmem.o
 .debug_str     0x0000000000000000     0x62d2 Src/sysmem.o
 .comment       0x0000000000000000       0x54 Src/sysmem.o
 .debug_frame   0x0000000000000000       0x34 Src/sysmem.o
 .ARM.attributes
                0x0000000000000000       0x34 Src/sysmem.o
 .group         0x0000000000000000        0xc Src/systick.o
 .group         0x0000000000000000        0xc Src/systick.o
 .group         0x0000000000000000        0xc Src/systick.o
 .group         0x0000000000000000        0xc Src/systick.o
 .group         0x0000000000000000        0xc Src/systick.o
 .group         0x0000000000000000        0xc Src/systick.o
 .group         0x0000000000000000        0xc Src/systick.o
 .group         0x0000000000000000        0xc Src/systick.o
 .group         0x0000000000000000        0xc Src/systick.o
 .group         0x0000000000000000        0xc Src/systick.o
 .group         0x0000000000000000        0xc Src/systick.o
 .group         0x0000000000000000        0xc Src/systick.o
 .group         0x0000000000000000        0xc Src/systick.o
 .group         0x0000000000000000        0xc Src/systick.o
 .group         0x0000000000000000        0xc Src/systick.o
 .group         0x0000000000000000        0xc Src/systick.o
 .text          0x0000000000000000        0x0 Src/systick.o
 .data          0x0000000000000000        0x0 Src/systick.o
 .bss           0x0000000000000000        0x0 Src/systick.o
 .text.systickDelayMs_Init
                0x0000000000000000       0x54 Src/systick.o
 .debug_info    0x0000000000000000      0x1b0 Src/systick.o
 .debug_abbrev  0x0000000000000000      0x107 Src/systick.o
 .debug_aranges
                0x0000000000000000       0x20 Src/systick.o
 .debug_ranges  0x0000000000000000       0x10 Src/systick.o
 .debug_macro   0x0000000000000000       0xe6 Src/systick.o
 .debug_macro   0x0000000000000000      0xab4 Src/systick.o
 .debug_macro   0x0000000000000000       0x28 Src/systick.o
 .debug_macro   0x0000000000000000       0x28 Src/systick.o
 .debug_macro   0x0000000000000000       0x22 Src/systick.o
 .debug_macro   0x0000000000000000       0x8e Src/systick.o
 .debug_macro   0x0000000000000000       0x51 Src/systick.o
 .debug_macro   0x0000000000000000      0x103 Src/systick.o
 .debug_macro   0x0000000000000000       0x6a Src/systick.o
 .debug_macro   0x0000000000000000      0x1df Src/systick.o
 .debug_macro   0x0000000000000000       0x1c Src/systick.o
 .debug_macro   0x0000000000000000       0x22 Src/systick.o
 .debug_macro   0x0000000000000000       0xdf Src/systick.o
 .debug_macro   0x0000000000000000     0x102d Src/systick.o
 .debug_macro   0x0000000000000000      0x11f Src/systick.o
 .debug_macro   0x0000000000000000    0x1672d Src/systick.o
 .debug_macro   0x0000000000000000       0x43 Src/systick.o
 .debug_line    0x0000000000000000      0x507 Src/systick.o
 .debug_str     0x0000000000000000    0x8aa27 Src/systick.o
 .comment       0x0000000000000000       0x54 Src/systick.o
 .debug_frame   0x0000000000000000       0x38 Src/systick.o
 .ARM.attributes
                0x0000000000000000       0x34 Src/systick.o
 .group         0x0000000000000000        0xc Src/tim.o
 .group         0x0000000000000000        0xc Src/tim.o
 .group         0x0000000000000000        0xc Src/tim.o
 .group         0x0000000000000000        0xc Src/tim.o
 .group         0x0000000000000000        0xc Src/tim.o
 .group         0x0000000000000000        0xc Src/tim.o
 .group         0x0000000000000000        0xc Src/tim.o
 .group         0x0000000000000000        0xc Src/tim.o
 .group         0x0000000000000000        0xc Src/tim.o
 .group         0x0000000000000000        0xc Src/tim.o
 .group         0x0000000000000000        0xc Src/tim.o
 .group         0x0000000000000000        0xc Src/tim.o
 .group         0x0000000000000000        0xc Src/tim.o
 .group         0x0000000000000000        0xc Src/tim.o
 .group         0x0000000000000000        0xc Src/tim.o
 .group         0x0000000000000000        0xc Src/tim.o
 .text          0x0000000000000000        0x0 Src/tim.o
 .data          0x0000000000000000        0x0 Src/tim.o
 .bss           0x0000000000000000        0x0 Src/tim.o
 .text.tim2_1hz_init
                0x0000000000000000       0x4c Src/tim.o
 .debug_macro   0x0000000000000000      0xab4 Src/tim.o
 .debug_macro   0x0000000000000000       0x28 Src/tim.o
 .debug_macro   0x0000000000000000       0x28 Src/tim.o
 .debug_macro   0x0000000000000000       0x22 Src/tim.o
 .debug_macro   0x0000000000000000       0x8e Src/tim.o
 .debug_macro   0x0000000000000000       0x51 Src/tim.o
 .debug_macro   0x0000000000000000      0x103 Src/tim.o
 .debug_macro   0x0000000000000000       0x6a Src/tim.o
 .debug_macro   0x0000000000000000      0x1df Src/tim.o
 .debug_macro   0x0000000000000000       0x1c Src/tim.o
 .debug_macro   0x0000000000000000       0x22 Src/tim.o
 .debug_macro   0x0000000000000000       0xdf Src/tim.o
 .debug_macro   0x0000000000000000     0x102d Src/tim.o
 .debug_macro   0x0000000000000000      0x11f Src/tim.o
 .debug_macro   0x0000000000000000    0x1672d Src/tim.o
 .debug_macro   0x0000000000000000       0x43 Src/tim.o
 .group         0x0000000000000000        0xc Src/uart.o
 .group         0x0000000000000000        0xc Src/uart.o
 .group         0x0000000000000000        0xc Src/uart.o
 .group         0x0000000000000000        0xc Src/uart.o
 .group         0x0000000000000000        0xc Src/uart.o
 .group         0x0000000000000000        0xc Src/uart.o
 .group         0x0000000000000000        0xc Src/uart.o
 .group         0x0000000000000000        0xc Src/uart.o
 .group         0x0000000000000000        0xc Src/uart.o
 .group         0x0000000000000000        0xc Src/uart.o
 .group         0x0000000000000000        0xc Src/uart.o
 .group         0x0000000000000000        0xc Src/uart.o
 .group         0x0000000000000000        0xc Src/uart.o
 .group         0x0000000000000000        0xc Src/uart.o
 .group         0x0000000000000000        0xc Src/uart.o
 .group         0x0000000000000000        0xc Src/uart.o
 .text          0x0000000000000000        0x0 Src/uart.o
 .data          0x0000000000000000        0x0 Src/uart.o
 .bss           0x0000000000000000        0x0 Src/uart.o
 .text.__io_putchar
                0x0000000000000000       0x18 Src/uart.o
 .text.uart2_rxtx_init
                0x0000000000000000       0xec Src/uart.o
 .text.uart2_tx_init
                0x0000000000000000       0x98 Src/uart.o
 .text.uart2_write
                0x0000000000000000       0x30 Src/uart.o
 .text.uart2_read
                0x0000000000000000       0x28 Src/uart.o
 .text.uart_set_baudrate
                0x0000000000000000       0x24 Src/uart.o
 .text.compute_uart_bd
                0x0000000000000000       0x26 Src/uart.o
 .debug_info    0x0000000000000000      0x56e Src/uart.o
 .debug_abbrev  0x0000000000000000      0x191 Src/uart.o
 .debug_aranges
                0x0000000000000000       0x50 Src/uart.o
 .debug_ranges  0x0000000000000000       0x40 Src/uart.o
 .debug_macro   0x0000000000000000      0x114 Src/uart.o
 .debug_macro   0x0000000000000000      0xab4 Src/uart.o
 .debug_macro   0x0000000000000000       0x28 Src/uart.o
 .debug_macro   0x0000000000000000       0x28 Src/uart.o
 .debug_macro   0x0000000000000000       0x22 Src/uart.o
 .debug_macro   0x0000000000000000       0x8e Src/uart.o
 .debug_macro   0x0000000000000000       0x51 Src/uart.o
 .debug_macro   0x0000000000000000      0x103 Src/uart.o
 .debug_macro   0x0000000000000000       0x6a Src/uart.o
 .debug_macro   0x0000000000000000      0x1df Src/uart.o
 .debug_macro   0x0000000000000000       0x1c Src/uart.o
 .debug_macro   0x0000000000000000       0x22 Src/uart.o
 .debug_macro   0x0000000000000000       0xdf Src/uart.o
 .debug_macro   0x0000000000000000     0x102d Src/uart.o
 .debug_macro   0x0000000000000000      0x11f Src/uart.o
 .debug_macro   0x0000000000000000    0x1672d Src/uart.o
 .debug_macro   0x0000000000000000       0x43 Src/uart.o
 .debug_line    0x0000000000000000      0x5db Src/uart.o
 .debug_str     0x0000000000000000    0x8ac3c Src/uart.o
 .comment       0x0000000000000000       0x54 Src/uart.o
 .debug_frame   0x0000000000000000      0x100 Src/uart.o
 .ARM.attributes
                0x0000000000000000       0x34 Src/uart.o
 .text          0x0000000000000000       0x14 Startup/startup_stm32f446retx.o
 .data          0x0000000000000000        0x0 Startup/startup_stm32f446retx.o
 .bss           0x0000000000000000        0x0 Startup/startup_stm32f446retx.o
 .text          0x0000000000000000        0x0 c:/st/stm32cubeide_1.6.1/stm32cubeide/plugins/com.st.stm32cube.ide.mcu.externaltools.gnu-tools-for-stm32.9-2020-q2-update.win32_1.5.0.202011040924/tools/bin/../lib/gcc/arm-none-eabi/9.3.1/../../../../arm-none-eabi/lib/thumb/v7e-m+fp/hard\libc_nano.a(lib_a-errno.o)
 .data          0x0000000000000000        0x0 c:/st/stm32cubeide_1.6.1/stm32cubeide/plugins/com.st.stm32cube.ide.mcu.externaltools.gnu-tools-for-stm32.9-2020-q2-update.win32_1.5.0.202011040924/tools/bin/../lib/gcc/arm-none-eabi/9.3.1/../../../../arm-none-eabi/lib/thumb/v7e-m+fp/hard\libc_nano.a(lib_a-errno.o)
 .bss           0x0000000000000000        0x0 c:/st/stm32cubeide_1.6.1/stm32cubeide/plugins/com.st.stm32cube.ide.mcu.externaltools.gnu-tools-for-stm32.9-2020-q2-update.win32_1.5.0.202011040924/tools/bin/../lib/gcc/arm-none-eabi/9.3.1/../../../../arm-none-eabi/lib/thumb/v7e-m+fp/hard\libc_nano.a(lib_a-errno.o)
 .text.__errno  0x0000000000000000        0xc c:/st/stm32cubeide_1.6.1/stm32cubeide/plugins/com.st.stm32cube.ide.mcu.externaltools.gnu-tools-for-stm32.9-2020-q2-update.win32_1.5.0.202011040924/tools/bin/../lib/gcc/arm-none-eabi/9.3.1/../../../../arm-none-eabi/lib/thumb/v7e-m+fp/hard\libc_nano.a(lib_a-errno.o)
 .debug_frame   0x0000000000000000       0x20 c:/st/stm32cubeide_1.6.1/stm32cubeide/plugins/com.st.stm32cube.ide.mcu.externaltools.gnu-tools-for-stm32.9-2020-q2-update.win32_1.5.0.202011040924/tools/bin/../lib/gcc/arm-none-eabi/9.3.1/../../../../arm-none-eabi/lib/thumb/v7e-m+fp/hard\libc_nano.a(lib_a-errno.o)
 .ARM.attributes
                0x0000000000000000       0x34 c:/st/stm32cubeide_1.6.1/stm32cubeide/plugins/com.st.stm32cube.ide.mcu.externaltools.gnu-tools-for-stm32.9-2020-q2-update.win32_1.5.0.202011040924/tools/bin/../lib/gcc/arm-none-eabi/9.3.1/../../../../arm-none-eabi/lib/thumb/v7e-m+fp/hard\libc_nano.a(lib_a-errno.o)
 .text          0x0000000000000000        0x0 c:/st/stm32cubeide_1.6.1/stm32cubeide/plugins/com.st.stm32cube.ide.mcu.externaltools.gnu-tools-for-stm32.9-2020-q2-update.win32_1.5.0.202011040924/tools/bin/../lib/gcc/arm-none-eabi/9.3.1/../../../../arm-none-eabi/lib/thumb/v7e-m+fp/hard\libc_nano.a(lib_a-exit.o)
 .data          0x0000000000000000        0x0 c:/st/stm32cubeide_1.6.1/stm32cubeide/plugins/com.st.stm32cube.ide.mcu.externaltools.gnu-tools-for-stm32.9-2020-q2-update.win32_1.5.0.202011040924/tools/bin/../lib/gcc/arm-none-eabi/9.3.1/../../../../arm-none-eabi/lib/thumb/v7e-m+fp/hard\libc_nano.a(lib_a-exit.o)
 .bss           0x0000000000000000        0x0 c:/st/stm32cubeide_1.6.1/stm32cubeide/plugins/com.st.stm32cube.ide.mcu.externaltools.gnu-tools-for-stm32.9-2020-q2-update.win32_1.5.0.202011040924/tools/bin/../lib/gcc/arm-none-eabi/9.3.1/../../../../arm-none-eabi/lib/thumb/v7e-m+fp/hard\libc_nano.a(lib_a-exit.o)
 .text.exit     0x0000000000000000       0x28 c:/st/stm32cubeide_1.6.1/stm32cubeide/plugins/com.st.stm32cube.ide.mcu.externaltools.gnu-tools-for-stm32.9-2020-q2-update.win32_1.5.0.202011040924/tools/bin/../lib/gcc/arm-none-eabi/9.3.1/../../../../arm-none-eabi/lib/thumb/v7e-m+fp/hard\libc_nano.a(lib_a-exit.o)
 .debug_frame   0x0000000000000000       0x28 c:/st/stm32cubeide_1.6.1/stm32cubeide/plugins/com.st.stm32cube.ide.mcu.externaltools.gnu-tools-for-stm32.9-2020-q2-update.win32_1.5.0.202011040924/tools/bin/../lib/gcc/arm-none-eabi/9.3.1/../../../../arm-none-eabi/lib/thumb/v7e-m+fp/hard\libc_nano.a(lib_a-exit.o)
 .ARM.attributes
                0x0000000000000000       0x34 c:/st/stm32cubeide_1.6.1/stm32cubeide/plugins/com.st.stm32cube.ide.mcu.externaltools.gnu-tools-for-stm32.9-2020-q2-update.win32_1.5.0.202011040924/tools/bin/../lib/gcc/arm-none-eabi/9.3.1/../../../../arm-none-eabi/lib/thumb/v7e-m+fp/hard\libc_nano.a(lib_a-exit.o)
 .text          0x0000000000000000        0x0 c:/st/stm32cubeide_1.6.1/stm32cubeide/plugins/com.st.stm32cube.ide.mcu.externaltools.gnu-tools-for-stm32.9-2020-q2-update.win32_1.5.0.202011040924/tools/bin/../lib/gcc/arm-none-eabi/9.3.1/../../../../arm-none-eabi/lib/thumb/v7e-m+fp/hard\libc_nano.a(lib_a-impure.o)
 .data          0x0000000000000000        0x0 c:/st/stm32cubeide_1.6.1/stm32cubeide/plugins/com.st.stm32cube.ide.mcu.externaltools.gnu-tools-for-stm32.9-2020-q2-update.win32_1.5.0.202011040924/tools/bin/../lib/gcc/arm-none-eabi/9.3.1/../../../../arm-none-eabi/lib/thumb/v7e-m+fp/hard\libc_nano.a(lib_a-impure.o)
 .bss           0x0000000000000000        0x0 c:/st/stm32cubeide_1.6.1/stm32cubeide/plugins/com.st.stm32cube.ide.mcu.externaltools.gnu-tools-for-stm32.9-2020-q2-update.win32_1.5.0.202011040924/tools/bin/../lib/gcc/arm-none-eabi/9.3.1/../../../../arm-none-eabi/lib/thumb/v7e-m+fp/hard\libc_nano.a(lib_a-impure.o)
 .data._impure_ptr
                0x0000000000000000        0x4 c:/st/stm32cubeide_1.6.1/stm32cubeide/plugins/com.st.stm32cube.ide.mcu.externaltools.gnu-tools-for-stm32.9-2020-q2-update.win32_1.5.0.202011040924/tools/bin/../lib/gcc/arm-none-eabi/9.3.1/../../../../arm-none-eabi/lib/thumb/v7e-m+fp/hard\libc_nano.a(lib_a-impure.o)
 .data.impure_data
                0x0000000000000000       0x60 c:/st/stm32cubeide_1.6.1/stm32cubeide/plugins/com.st.stm32cube.ide.mcu.externaltools.gnu-tools-for-stm32.9-2020-q2-update.win32_1.5.0.202011040924/tools/bin/../lib/gcc/arm-none-eabi/9.3.1/../../../../arm-none-eabi/lib/thumb/v7e-m+fp/hard\libc_nano.a(lib_a-impure.o)
 .rodata._global_impure_ptr
                0x0000000000000000        0x4 c:/st/stm32cubeide_1.6.1/stm32cubeide/plugins/com.st.stm32cube.ide.mcu.externaltools.gnu-tools-for-stm32.9-2020-q2-update.win32_1.5.0.202011040924/tools/bin/../lib/gcc/arm-none-eabi/9.3.1/../../../../arm-none-eabi/lib/thumb/v7e-m+fp/hard\libc_nano.a(lib_a-impure.o)
 .ARM.attributes
                0x0000000000000000       0x32 c:/st/stm32cubeide_1.6.1/stm32cubeide/plugins/com.st.stm32cube.ide.mcu.externaltools.gnu-tools-for-stm32.9-2020-q2-update.win32_1.5.0.202011040924/tools/bin/../lib/gcc/arm-none-eabi/9.3.1/../../../../arm-none-eabi/lib/thumb/v7e-m+fp/hard\libc_nano.a(lib_a-impure.o)
 .text          0x0000000000000000        0x0 c:/st/stm32cubeide_1.6.1/stm32cubeide/plugins/com.st.stm32cube.ide.mcu.externaltools.gnu-tools-for-stm32.9-2020-q2-update.win32_1.5.0.202011040924/tools/bin/../lib/gcc/arm-none-eabi/9.3.1/../../../../arm-none-eabi/lib/thumb/v7e-m+fp/hard\libc_nano.a(lib_a-init.o)
 .data          0x0000000000000000        0x0 c:/st/stm32cubeide_1.6.1/stm32cubeide/plugins/com.st.stm32cube.ide.mcu.externaltools.gnu-tools-for-stm32.9-2020-q2-update.win32_1.5.0.202011040924/tools/bin/../lib/gcc/arm-none-eabi/9.3.1/../../../../arm-none-eabi/lib/thumb/v7e-m+fp/hard\libc_nano.a(lib_a-init.o)
 .bss           0x0000000000000000        0x0 c:/st/stm32cubeide_1.6.1/stm32cubeide/plugins/com.st.stm32cube.ide.mcu.externaltools.gnu-tools-for-stm32.9-2020-q2-update.win32_1.5.0.202011040924/tools/bin/../lib/gcc/arm-none-eabi/9.3.1/../../../../arm-none-eabi/lib/thumb/v7e-m+fp/hard\libc_nano.a(lib_a-init.o)
 .text          0x0000000000000000        0x0 c:/st/stm32cubeide_1.6.1/stm32cubeide/plugins/com.st.stm32cube.ide.mcu.externaltools.gnu-tools-for-stm32.9-2020-q2-update.win32_1.5.0.202011040924/tools/bin/../lib/gcc/arm-none-eabi/9.3.1/../../../../arm-none-eabi/lib/thumb/v7e-m+fp/hard\libc_nano.a(lib_a-memset.o)
 .data          0x0000000000000000        0x0 c:/st/stm32cubeide_1.6.1/stm32cubeide/plugins/com.st.stm32cube.ide.mcu.externaltools.gnu-tools-for-stm32.9-2020-q2-update.win32_1.5.0.202011040924/tools/bin/../lib/gcc/arm-none-eabi/9.3.1/../../../../arm-none-eabi/lib/thumb/v7e-m+fp/hard\libc_nano.a(lib_a-memset.o)
 .bss           0x0000000000000000        0x0 c:/st/stm32cubeide_1.6.1/stm32cubeide/plugins/com.st.stm32cube.ide.mcu.externaltools.gnu-tools-for-stm32.9-2020-q2-update.win32_1.5.0.202011040924/tools/bin/../lib/gcc/arm-none-eabi/9.3.1/../../../../arm-none-eabi/lib/thumb/v7e-m+fp/hard\libc_nano.a(lib_a-memset.o)
 .text.memset   0x0000000000000000       0x10 c:/st/stm32cubeide_1.6.1/stm32cubeide/plugins/com.st.stm32cube.ide.mcu.externaltools.gnu-tools-for-stm32.9-2020-q2-update.win32_1.5.0.202011040924/tools/bin/../lib/gcc/arm-none-eabi/9.3.1/../../../../arm-none-eabi/lib/thumb/v7e-m+fp/hard\libc_nano.a(lib_a-memset.o)
 .debug_frame   0x0000000000000000       0x20 c:/st/stm32cubeide_1.6.1/stm32cubeide/plugins/com.st.stm32cube.ide.mcu.externaltools.gnu-tools-for-stm32.9-2020-q2-update.win32_1.5.0.202011040924/tools/bin/../lib/gcc/arm-none-eabi/9.3.1/../../../../arm-none-eabi/lib/thumb/v7e-m+fp/hard\libc_nano.a(lib_a-memset.o)
 .ARM.attributes
                0x0000000000000000       0x34 c:/st/stm32cubeide_1.6.1/stm32cubeide/plugins/com.st.stm32cube.ide.mcu.externaltools.gnu-tools-for-stm32.9-2020-q2-update.win32_1.5.0.202011040924/tools/bin/../lib/gcc/arm-none-eabi/9.3.1/../../../../arm-none-eabi/lib/thumb/v7e-m+fp/hard\libc_nano.a(lib_a-memset.o)
 .text          0x0000000000000000        0x0 c:/st/stm32cubeide_1.6.1/stm32cubeide/plugins/com.st.stm32cube.ide.mcu.externaltools.gnu-tools-for-stm32.9-2020-q2-update.win32_1.5.0.202011040924/tools/bin/../lib/gcc/arm-none-eabi/9.3.1/thumb/v7e-m+fp/hard/crtend.o
 .data          0x0000000000000000        0x0 c:/st/stm32cubeide_1.6.1/stm32cubeide/plugins/com.st.stm32cube.ide.mcu.externaltools.gnu-tools-for-stm32.9-2020-q2-update.win32_1.5.0.202011040924/tools/bin/../lib/gcc/arm-none-eabi/9.3.1/thumb/v7e-m+fp/hard/crtend.o
 .bss           0x0000000000000000        0x0 c:/st/stm32cubeide_1.6.1/stm32cubeide/plugins/com.st.stm32cube.ide.mcu.externaltools.gnu-tools-for-stm32.9-2020-q2-update.win32_1.5.0.202011040924/tools/bin/../lib/gcc/arm-none-eabi/9.3.1/thumb/v7e-m+fp/hard/crtend.o
 .eh_frame      0x0000000000000000        0x4 c:/st/stm32cubeide_1.6.1/stm32cubeide/plugins/com.st.stm32cube.ide.mcu.externaltools.gnu-tools-for-stm32.9-2020-q2-update.win32_1.5.0.202011040924/tools/bin/../lib/gcc/arm-none-eabi/9.3.1/thumb/v7e-m+fp/hard/crtend.o
 .ARM.attributes
                0x0000000000000000       0x32 c:/st/stm32cubeide_1.6.1/stm32cubeide/plugins/com.st.stm32cube.ide.mcu.externaltools.gnu-tools-for-stm32.9-2020-q2-update.win32_1.5.0.202011040924/tools/bin/../lib/gcc/arm-none-eabi/9.3.1/thumb/v7e-m+fp/hard/crtend.o
 .text          0x0000000000000000        0x0 c:/st/stm32cubeide_1.6.1/stm32cubeide/plugins/com.st.stm32cube.ide.mcu.externaltools.gnu-tools-for-stm32.9-2020-q2-update.win32_1.5.0.202011040924/tools/bin/../lib/gcc/arm-none-eabi/9.3.1/thumb/v7e-m+fp/hard/crtn.o
 .data          0x0000000000000000        0x0 c:/st/stm32cubeide_1.6.1/stm32cubeide/plugins/com.st.stm32cube.ide.mcu.externaltools.gnu-tools-for-stm32.9-2020-q2-update.win32_1.5.0.202011040924/tools/bin/../lib/gcc/arm-none-eabi/9.3.1/thumb/v7e-m+fp/hard/crtn.o
 .bss           0x0000000000000000        0x0 c:/st/stm32cubeide_1.6.1/stm32cubeide/plugins/com.st.stm32cube.ide.mcu.externaltools.gnu-tools-for-stm32.9-2020-q2-update.win32_1.5.0.202011040924/tools/bin/../lib/gcc/arm-none-eabi/9.3.1/thumb/v7e-m+fp/hard/crtn.o

Memory Configuration

Name             Origin             Length             Attributes
RAM              0x0000000020000000 0x0000000000020000 xrw
FLASH            0x0000000008000000 0x0000000000080000 xr
*default*        0x0000000000000000 0xffffffffffffffff

Linker script and memory map

LOAD c:/st/stm32cubeide_1.6.1/stm32cubeide/plugins/com.st.stm32cube.ide.mcu.externaltools.gnu-tools-for-stm32.9-2020-q2-update.win32_1.5.0.202011040924/tools/bin/../lib/gcc/arm-none-eabi/9.3.1/thumb/v7e-m+fp/hard/crti.o
LOAD c:/st/stm32cubeide_1.6.1/stm32cubeide/plugins/com.st.stm32cube.ide.mcu.externaltools.gnu-tools-for-stm32.9-2020-q2-update.win32_1.5.0.202011040924/tools/bin/../lib/gcc/arm-none-eabi/9.3.1/thumb/v7e-m+fp/hard/crtbegin.o
LOAD c:/st/stm32cubeide_1.6.1/stm32cubeide/plugins/com.st.stm32cube.ide.mcu.externaltools.gnu-tools-for-stm32.9-2020-q2-update.win32_1.5.0.202011040924/tools/bin/../lib/gcc/arm-none-eabi/9.3.1/../../../../arm-none-eabi/lib/thumb/v7e-m+fp/hard/crt0.o
LOAD Src/adc.o
LOAD Src/main.o
LOAD Src/syscalls.o
LOAD Src/sysmem.o
LOAD Src/systick.o
LOAD Src/tim.o
LOAD Src/uart.o
LOAD Startup/startup_stm32f446retx.o
START GROUP
LOAD c:/st/stm32cubeide_1.6.1/stm32cubeide/plugins/com.st.stm32cube.ide.mcu.externaltools.gnu-tools-for-stm32.9-2020-q2-update.win32_1.5.0.202011040924/tools/bin/../lib/gcc/arm-none-eabi/9.3.1/../../../../arm-none-eabi/lib/thumb/v7e-m+fp/hard\libc_nano.a
LOAD c:/st/stm32cubeide_1.6.1/stm32cubeide/plugins/com.st.stm32cube.ide.mcu.externaltools.gnu-tools-for-stm32.9-2020-q2-update.win32_1.5.0.202011040924/tools/bin/../lib/gcc/arm-none-eabi/9.3.1/../../../../arm-none-eabi/lib/thumb/v7e-m+fp/hard\libm.a
END GROUP
START GROUP
LOAD c:/st/stm32cubeide_1.6.1/stm32cubeide/plugins/com.st.stm32cube.ide.mcu.externaltools.gnu-tools-for-stm32.9-2020-q2-update.win32_1.5.0.202011040924/tools/bin/../lib/gcc/arm-none-eabi/9.3.1/thumb/v7e-m+fp/hard\libgcc.a
LOAD c:/st/stm32cubeide_1.6.1/stm32cubeide/plugins/com.st.stm32cube.ide.mcu.externaltools.gnu-tools-for-stm32.9-2020-q2-update.win32_1.5.0.202011040924/tools/bin/../lib/gcc/arm-none-eabi/9.3.1/../../../../arm-none-eabi/lib/thumb/v7e-m+fp/hard\libc_nano.a
END GROUP
START GROUP
LOAD c:/st/stm32cubeide_1.6.1/stm32cubeide/plugins/com.st.stm32cube.ide.mcu.externaltools.gnu-tools-for-stm32.9-2020-q2-update.win32_1.5.0.202011040924/tools/bin/../lib/gcc/arm-none-eabi/9.3.1/thumb/v7e-m+fp/hard\libgcc.a
LOAD c:/st/stm32cubeide_1.6.1/stm32cubeide/plugins/com.st.stm32cube.ide.mcu.externaltools.gnu-tools-for-stm32.9-2020-q2-update.win32_1.5.0.202011040924/tools/bin/../lib/gcc/arm-none-eabi/9.3.1/../../../../arm-none-eabi/lib/thumb/v7e-m+fp/hard\libc_nano.a
LOAD c:/st/stm32cubeide_1.6.1/stm32cubeide/plugins/com.st.stm32cube.ide.mcu.externaltools.gnu-tools-for-stm32.9-2020-q2-update.win32_1.5.0.202011040924/tools/bin/../lib/gcc/arm-none-eabi/9.3.1/../../../../arm-none-eabi/lib/thumb/v7e-m+fp/hard\libnosys.a
END GROUP
START GROUP
LOAD c:/st/stm32cubeide_1.6.1/stm32cubeide/plugins/com.st.stm32cube.ide.mcu.externaltools.gnu-tools-for-stm32.9-2020-q2-update.win32_1.5.0.202011040924/tools/bin/../lib/gcc/arm-none-eabi/9.3.1/thumb/v7e-m+fp/hard\libgcc.a
LOAD c:/st/stm32cubeide_1.6.1/stm32cubeide/plugins/com.st.stm32cube.ide.mcu.externaltools.gnu-tools-for-stm32.9-2020-q2-update.win32_1.5.0.202011040924/tools/bin/../lib/gcc/arm-none-eabi/9.3.1/../../../../arm-none-eabi/lib/thumb/v7e-m+fp/hard\libc_nano.a
LOAD c:/st/stm32cubeide_1.6.1/stm32cubeide/plugins/com.st.stm32cube.ide.mcu.externaltools.gnu-tools-for-stm32.9-2020-q2-update.win32_1.5.0.202011040924/tools/bin/../lib/gcc/arm-none-eabi/9.3.1/../../../../arm-none-eabi/lib/thumb/v7e-m+fp/hard\libnosys.a
END GROUP
LOAD c:/st/stm32cubeide_1.6.1/stm32cubeide/plugins/com.st.stm32cube.ide.mcu.externaltools.gnu-tools-for-stm32.9-2020-q2-update.win32_1.5.0.202011040924/tools/bin/../lib/gcc/arm-none-eabi/9.3.1/thumb/v7e-m+fp/hard/crtend.o
LOAD c:/st/stm32cubeide_1.6.1/stm32cubeide/plugins/com.st.stm32cube.ide.mcu.externaltools.gnu-tools-for-stm32.9-2020-q2-update.win32_1.5.0.202011040924/tools/bin/../lib/gcc/arm-none-eabi/9.3.1/thumb/v7e-m+fp/hard/crtn.o
                0x0000000020020000                _estack = (ORIGIN (RAM) + LENGTH (RAM))
                0x0000000000000200                _Min_Heap_Size = 0x200
                0x0000000000000400                _Min_Stack_Size = 0x400

.isr_vector     0x0000000008000000      0x1c4
                0x0000000008000000                . = ALIGN (0x4)
 *(.isr_vector)
 .isr_vector    0x0000000008000000      0x1c4 Startup/startup_stm32f446retx.o
                0x0000000008000000                g_pfnVectors
                0x00000000080001c4                . = ALIGN (0x4)

.text           0x00000000080001c4      0x190
                0x00000000080001c4                . = ALIGN (0x4)
 *(.text)
 .text          0x00000000080001c4       0x40 c:/st/stm32cubeide_1.6.1/stm32cubeide/plugins/com.st.stm32cube.ide.mcu.externaltools.gnu-tools-for-stm32.9-2020-q2-update.win32_1.5.0.202011040924/tools/bin/../lib/gcc/arm-none-eabi/9.3.1/thumb/v7e-m+fp/hard/crtbegin.o
 *(.text*)
 .text.main     0x0000000008000204        0xa Src/main.o
                0x0000000008000204                main
 *fill*         0x000000000800020e        0x2 
 .text.tim2_PA5_output_compare
                0x0000000008000210       0x90 Src/tim.o
                0x0000000008000210                tim2_PA5_output_compare
 .text.Reset_Handler
                0x00000000080002a0       0x50 Startup/startup_stm32f446retx.o
                0x00000000080002a0                Reset_Handler
 .text.Default_Handler
                0x00000000080002f0        0x2 Startup/startup_stm32f446retx.o
                0x00000000080002f0                RTC_Alarm_IRQHandler
                0x00000000080002f0                EXTI2_IRQHandler
                0x00000000080002f0                TIM8_CC_IRQHandler
                0x00000000080002f0                SPDIF_Rx_IRQHandler
                0x00000000080002f0                DebugMon_Handler
                0x00000000080002f0                SPI4_IRQHandler
                0x00000000080002f0                TIM1_CC_IRQHandler
                0x00000000080002f0                QuadSPI_IRQHandler
                0x00000000080002f0                DMA2_Stream5_IRQHandler
                0x00000000080002f0                HardFault_Handler
                0x00000000080002f0                DMA1_Stream5_IRQHandler
                0x00000000080002f0                SysTick_Handler
                0x00000000080002f0                PVD_IRQHandler
                0x00000000080002f0                SDIO_IRQHandler
                0x00000000080002f0                TAMP_STAMP_IRQHandler
                0x00000000080002f0                PendSV_Handler
                0x00000000080002f0                NMI_Handler
                0x00000000080002f0                CAN2_RX1_IRQHandler
                0x00000000080002f0                EXTI3_IRQHandler
                0x00000000080002f0                TIM8_TRG_COM_TIM14_IRQHandler
                0x00000000080002f0                TIM1_UP_TIM10_IRQHandler
                0x00000000080002f0                FMPI2C1_error_IRQHandler
                0x00000000080002f0                TIM8_UP_TIM13_IRQHandler
                0x00000000080002f0                I2C3_ER_IRQHandler
                0x00000000080002f0                EXTI0_IRQHandler
                0x00000000080002f0                I2C2_EV_IRQHandler
                0x00000000080002f0                DMA1_Stream2_IRQHandler
                0x00000000080002f0                CAN1_RX0_IRQHandler
                0x00000000080002f0                FPU_IRQHandler
                0x00000000080002f0                OTG_HS_WKUP_IRQHandler
                0x00000000080002f0                UsageFault_Handler
                0x00000000080002f0                CAN2_SCE_IRQHandler
                0x00000000080002f0                DMA2_Stream2_IRQHandler
                0x00000000080002f0                SPI1_IRQHandler
                0x00000000080002f0                TIM6_DAC_IRQHandler
                0x00000000080002f0                TIM1_BRK_TIM9_IRQHandler
                0x00000000080002f0                DCMI_IRQHandler
                0x00000000080002f0                CAN2_RX0_IRQHandler
                0x00000000080002f0                DMA2_Stream3_IRQHandler
                0x00000000080002f0                FMPI2C1_IRQHandler
                0x00000000080002f0                SAI2_IRQHandler
                0x00000000080002f0                USART6_IRQHandler
                0x00000000080002f0                USART3_IRQHandler
                0x00000000080002f0                CAN1_RX1_IRQHandler
                0x00000000080002f0                UART5_IRQHandler
                0x00000000080002f0                DMA2_Stream0_IRQHandler
                0x00000000080002f0                TIM4_IRQHandler
                0x00000000080002f0                I2C1_EV_IRQHandler
                0x00000000080002f0                HDMI_CEC_IRQHandler
                0x00000000080002f0                DMA1_Stream6_IRQHandler
                0x00000000080002f0                DMA1_Stream1_IRQHandler
                0x00000000080002f0                UART4_IRQHandler
                0x00000000080002f0                TIM3_IRQHandler
                0x00000000080002f0                RCC_IRQHandler
                0x00000000080002f0                TIM8_BRK_TIM12_IRQHandler
                0x00000000080002f0                Default_Handler
                0x00000000080002f0                EXTI15_10_IRQHandler
                0x00000000080002f0                ADC_IRQHandler
                0x00000000080002f0                DMA1_Stream7_IRQHandler
                0x00000000080002f0                TIM7_IRQHandler
                0x00000000080002f0                CAN2_TX_IRQHandler
                0x00000000080002f0                TIM5_IRQHandler
                0x00000000080002f0                DMA2_Stream7_IRQHandler
                0x00000000080002f0                I2C3_EV_IRQHandler
                0x00000000080002f0                EXTI9_5_IRQHandler
                0x00000000080002f0                RTC_WKUP_IRQHandler
                0x00000000080002f0                SPI2_IRQHandler
                0x00000000080002f0                OTG_HS_EP1_IN_IRQHandler
                0x00000000080002f0                MemManage_Handler
                0x00000000080002f0                DMA1_Stream0_IRQHandler
                0x00000000080002f0                CAN1_TX_IRQHandler
                0x00000000080002f0                SVC_Handler
                0x00000000080002f0                EXTI4_IRQHandler
                0x00000000080002f0                OTG_HS_EP1_OUT_IRQHandler
                0x00000000080002f0                WWDG_IRQHandler
                0x00000000080002f0                TIM2_IRQHandler
                0x00000000080002f0                OTG_FS_WKUP_IRQHandler
                0x00000000080002f0                TIM1_TRG_COM_TIM11_IRQHandler
                0x00000000080002f0                OTG_HS_IRQHandler
                0x00000000080002f0                EXTI1_IRQHandler
                0x00000000080002f0                USART2_IRQHandler
                0x00000000080002f0                I2C2_ER_IRQHandler
                0x00000000080002f0                DMA2_Stream1_IRQHandler
                0x00000000080002f0                CAN1_SCE_IRQHandler
                0x00000000080002f0                FLASH_IRQHandler
                0x00000000080002f0                DMA2_Stream4_IRQHandler
                0x00000000080002f0                BusFault_Handler
                0x00000000080002f0                USART1_IRQHandler
                0x00000000080002f0                OTG_FS_IRQHandler
                0x00000000080002f0                SPI3_IRQHandler
                0x00000000080002f0                DMA1_Stream4_IRQHandler
                0x00000000080002f0                I2C1_ER_IRQHandler
                0x00000000080002f0                FMC_IRQHandler
                0x00000000080002f0                DMA2_Stream6_IRQHandler
                0x00000000080002f0                SAI1_IRQHandler
                0x00000000080002f0                DMA1_Stream3_IRQHandler
 *fill*         0x00000000080002f2        0x2 
 .text.__libc_init_array
                0x00000000080002f4       0x48 c:/st/stm32cubeide_1.6.1/stm32cubeide/plugins/com.st.stm32cube.ide.mcu.externaltools.gnu-tools-for-stm32.9-2020-q2-update.win32_1.5.0.202011040924/tools/bin/../lib/gcc/arm-none-eabi/9.3.1/../../../../arm-none-eabi/lib/thumb/v7e-m+fp/hard\libc_nano.a(lib_a-init.o)
                0x00000000080002f4                __libc_init_array
 *(.glue_7)
 .glue_7        0x000000000800033c        0x0 linker stubs
 *(.glue_7t)
 .glue_7t       0x000000000800033c        0x0 linker stubs
 *(.eh_frame)
 .eh_frame      0x000000000800033c        0x0 c:/st/stm32cubeide_1.6.1/stm32cubeide/plugins/com.st.stm32cube.ide.mcu.externaltools.gnu-tools-for-stm32.9-2020-q2-update.win32_1.5.0.202011040924/tools/bin/../lib/gcc/arm-none-eabi/9.3.1/thumb/v7e-m+fp/hard/crtbegin.o
 *(.init)
 .init          0x000000000800033c        0x4 c:/st/stm32cubeide_1.6.1/stm32cubeide/plugins/com.st.stm32cube.ide.mcu.externaltools.gnu-tools-for-stm32.9-2020-q2-update.win32_1.5.0.202011040924/tools/bin/../lib/gcc/arm-none-eabi/9.3.1/thumb/v7e-m+fp/hard/crti.o
                0x000000000800033c                _init
 .init          0x0000000008000340        0x8 c:/st/stm32cubeide_1.6.1/stm32cubeide/plugins/com.st.stm32cube.ide.mcu.externaltools.gnu-tools-for-stm32.9-2020-q2-update.win32_1.5.0.202011040924/tools/bin/../lib/gcc/arm-none-eabi/9.3.1/thumb/v7e-m+fp/hard/crtn.o
 *(.fini)
 .fini          0x0000000008000348        0x4 c:/st/stm32cubeide_1.6.1/stm32cubeide/plugins/com.st.stm32cube.ide.mcu.externaltools.gnu-tools-for-stm32.9-2020-q2-update.win32_1.5.0.202011040924/tools/bin/../lib/gcc/arm-none-eabi/9.3.1/thumb/v7e-m+fp/hard/crti.o
                0x0000000008000348                _fini
 .fini          0x000000000800034c        0x8 c:/st/stm32cubeide_1.6.1/stm32cubeide/plugins/com.st.stm32cube.ide.mcu.externaltools.gnu-tools-for-stm32.9-2020-q2-update.win32_1.5.0.202011040924/tools/bin/../lib/gcc/arm-none-eabi/9.3.1/thumb/v7e-m+fp/hard/crtn.o
                0x0000000008000354                . = ALIGN (0x4)
                0x0000000008000354                _etext = .

.vfp11_veneer   0x0000000008000354        0x0
 .vfp11_veneer  0x0000000008000354        0x0 linker stubs

.v4_bx          0x0000000008000354        0x0
 .v4_bx         0x0000000008000354        0x0 linker stubs

.iplt           0x0000000008000354        0x0
 .iplt          0x0000000008000354        0x0 c:/st/stm32cubeide_1.6.1/stm32cubeide/plugins/com.st.stm32cube.ide.mcu.externaltools.gnu-tools-for-stm32.9-2020-q2-update.win32_1.5.0.202011040924/tools/bin/../lib/gcc/arm-none-eabi/9.3.1/thumb/v7e-m+fp/hard/crtbegin.o

.rel.dyn        0x0000000008000354        0x0
 .rel.iplt      0x0000000008000354        0x0 c:/st/stm32cubeide_1.6.1/stm32cubeide/plugins/com.st.stm32cube.ide.mcu.externaltools.gnu-tools-for-stm32.9-2020-q2-update.win32_1.5.0.202011040924/tools/bin/../lib/gcc/arm-none-eabi/9.3.1/thumb/v7e-m+fp/hard/crtbegin.o

.rodata         0x0000000008000354        0x0
                0x0000000008000354                . = ALIGN (0x4)
 *(.rodata)
 *(.rodata*)
                0x0000000008000354                . = ALIGN (0x4)

.ARM.extab      0x0000000008000354        0x0
                0x0000000008000354                . = ALIGN (0x4)
 *(.ARM.extab* .gnu.linkonce.armextab.*)
                0x0000000008000354                . = ALIGN (0x4)

.ARM            0x0000000008000354        0x0
                0x0000000008000354                . = ALIGN (0x4)
                0x0000000008000354                __exidx_start = .
 *(.ARM.exidx*)
                0x0000000008000354                __exidx_end = .
                0x0000000008000354                . = ALIGN (0x4)

.preinit_array  0x0000000008000354        0x0
                0x0000000008000354                . = ALIGN (0x4)
                0x0000000008000354                PROVIDE (__preinit_array_start = .)
 *(.preinit_array*)
                0x0000000008000354                PROVIDE (__preinit_array_end = .)
                0x0000000008000354                . = ALIGN (0x4)

.init_array     0x0000000008000354        0x4
                0x0000000008000354                . = ALIGN (0x4)
                0x0000000008000354                PROVIDE (__init_array_start = .)
 *(SORT_BY_NAME(.init_array.*))
 *(.init_array*)
 .init_array    0x0000000008000354        0x4 c:/st/stm32cubeide_1.6.1/stm32cubeide/plugins/com.st.stm32cube.ide.mcu.externaltools.gnu-tools-for-stm32.9-2020-q2-update.win32_1.5.0.202011040924/tools/bin/../lib/gcc/arm-none-eabi/9.3.1/thumb/v7e-m+fp/hard/crtbegin.o
                0x0000000008000358                PROVIDE (__init_array_end = .)
                0x0000000008000358                . = ALIGN (0x4)

.fini_array     0x0000000008000358        0x4
                0x0000000008000358                . = ALIGN (0x4)
                [!provide]                        PROVIDE (__fini_array_start = .)
 *(SORT_BY_NAME(.fini_array.*))
 *(.fini_array*)
 .fini_array    0x0000000008000358        0x4 c:/st/stm32cubeide_1.6.1/stm32cubeide/plugins/com.st.stm32cube.ide.mcu.externaltools.gnu-tools-for-stm32.9-2020-q2-update.win32_1.5.0.202011040924/tools/bin/../lib/gcc/arm-none-eabi/9.3.1/thumb/v7e-m+fp/hard/crtbegin.o
                [!provide]                        PROVIDE (__fini_array_end = .)
                0x000000000800035c                . = ALIGN (0x4)
                0x000000000800035c                _sidata = LOADADDR (.data)

.data           0x0000000020000000        0x0 load address 0x000000000800035c
                0x0000000020000000                . = ALIGN (0x4)
                0x0000000020000000                _sdata = .
 *(.data)
 *(.data*)
 *(.RamFunc)
 *(.RamFunc*)
                0x0000000020000000                . = ALIGN (0x4)
                0x0000000020000000                _edata = .

.igot.plt       0x0000000020000000        0x0 load address 0x000000000800035c
 .igot.plt      0x0000000020000000        0x0 c:/st/stm32cubeide_1.6.1/stm32cubeide/plugins/com.st.stm32cube.ide.mcu.externaltools.gnu-tools-for-stm32.9-2020-q2-update.win32_1.5.0.202011040924/tools/bin/../lib/gcc/arm-none-eabi/9.3.1/thumb/v7e-m+fp/hard/crtbegin.o
                0x0000000020000000                . = ALIGN (0x4)

.bss            0x0000000020000000       0x1c load address 0x000000000800035c
                0x0000000020000000                _sbss = .
                0x0000000020000000                __bss_start__ = _sbss
 *(.bss)
 .bss           0x0000000020000000       0x1c c:/st/stm32cubeide_1.6.1/stm32cubeide/plugins/com.st.stm32cube.ide.mcu.externaltools.gnu-tools-for-stm32.9-2020-q2-update.win32_1.5.0.202011040924/tools/bin/../lib/gcc/arm-none-eabi/9.3.1/thumb/v7e-m+fp/hard/crtbegin.o
 *(.bss*)
 *(COMMON)
                0x000000002000001c                . = ALIGN (0x4)
                0x000000002000001c                _ebss = .
                0x000000002000001c                __bss_end__ = _ebss

._user_heap_stack
                0x000000002000001c      0x604 load address 0x000000000800035c
                0x0000000020000020                . = ALIGN (0x8)
 *fill*         0x000000002000001c        0x4 
                [!provide]                        PROVIDE (end = .)
                0x0000000020000020                PROVIDE (_end = .)
                0x0000000020000220                . = (. + _Min_Heap_Size)
 *fill*         0x0000000020000020      0x200 
                0x0000000020000620                . = (. + _Min_Stack_Size)
 *fill*         0x0000000020000220      0x400 
                0x0000000020000620                . = ALIGN (0x8)

/DISCARD/
 libc.a(*)
 libm.a(*)
 libgcc.a(*)

.ARM.attributes
                0x0000000000000000       0x30
 *(.ARM.attributes)
 .ARM.attributes
                0x0000000000000000       0x1e c:/st/stm32cubeide_1.6.1/stm32cubeide/plugins/com.st.stm32cube.ide.mcu.externaltools.gnu-tools-for-stm32.9-2020-q2-update.win32_1.5.0.202011040924/tools/bin/../lib/gcc/arm-none-eabi/9.3.1/thumb/v7e-m+fp/hard/crti.o
 .ARM.attributes
                0x000000000000001e       0x34 c:/st/stm32cubeide_1.6.1/stm32cubeide/plugins/com.st.stm32cube.ide.mcu.externaltools.gnu-tools-for-stm32.9-2020-q2-update.win32_1.5.0.202011040924/tools/bin/../lib/gcc/arm-none-eabi/9.3.1/thumb/v7e-m+fp/hard/crtbegin.o
 .ARM.attributes
                0x0000000000000052       0x34 Src/main.o
 .ARM.attributes
                0x0000000000000086       0x34 Src/tim.o
 .ARM.attributes
                0x00000000000000ba       0x21 Startup/startup_stm32f446retx.o
 .ARM.attributes
                0x00000000000000db       0x34 c:/st/stm32cubeide_1.6.1/stm32cubeide/plugins/com.st.stm32cube.ide.mcu.externaltools.gnu-tools-for-stm32.9-2020-q2-update.win32_1.5.0.202011040924/tools/bin/../lib/gcc/arm-none-eabi/9.3.1/../../../../arm-none-eabi/lib/thumb/v7e-m+fp/hard\libc_nano.a(lib_a-init.o)
 .ARM.attributes
                0x000000000000010f       0x1e c:/st/stm32cubeide_1.6.1/stm32cubeide/plugins/com.st.stm32cube.ide.mcu.externaltools.gnu-tools-for-stm32.9-2020-q2-update.win32_1.5.0.202011040924/tools/bin/../lib/gcc/arm-none-eabi/9.3.1/thumb/v7e-m+fp/hard/crtn.o
OUTPUT(13_OutputCompare.elf elf32-littlearm)
LOAD linker stubs
LOAD c:/st/stm32cubeide_1.6.1/stm32cubeide/plugins/com.st.stm32cube.ide.mcu.externaltools.gnu-tools-for-stm32.9-2020-q2-update.win32_1.5.0.202011040924/tools/bin/../lib/gcc/arm-none-eabi/9.3.1/../../../../arm-none-eabi/lib/thumb/v7e-m+fp/hard\libc.a
LOAD c:/st/stm32cubeide_1.6.1/stm32cubeide/plugins/com.st.stm32cube.ide.mcu.externaltools.gnu-tools-for-stm32.9-2020-q2-update.win32_1.5.0.202011040924/tools/bin/../lib/gcc/arm-none-eabi/9.3.1/../../../../arm-none-eabi/lib/thumb/v7e-m+fp/hard\libm.a
LOAD c:/st/stm32cubeide_1.6.1/stm32cubeide/plugins/com.st.stm32cube.ide.mcu.externaltools.gnu-tools-for-stm32.9-2020-q2-update.win32_1.5.0.202011040924/tools/bin/../lib/gcc/arm-none-eabi/9.3.1/thumb/v7e-m+fp/hard\libgcc.a

.debug_info     0x0000000000000000      0xf2e
 .debug_info    0x0000000000000000      0x9dc Src/main.o
 .debug_info    0x00000000000009dc      0x530 Src/tim.o
 .debug_info    0x0000000000000f0c       0x22 Startup/startup_stm32f446retx.o

.debug_abbrev   0x0000000000000000      0x28b
 .debug_abbrev  0x0000000000000000      0x19d Src/main.o
 .debug_abbrev  0x000000000000019d       0xdc Src/tim.o
 .debug_abbrev  0x0000000000000279       0x12 Startup/startup_stm32f446retx.o

.debug_aranges  0x0000000000000000       0x70
 .debug_aranges
                0x0000000000000000       0x20 Src/main.o
 .debug_aranges
                0x0000000000000020       0x28 Src/tim.o
 .debug_aranges
                0x0000000000000048       0x28 Startup/startup_stm32f446retx.o

.debug_ranges   0x0000000000000000       0x48
 .debug_ranges  0x0000000000000000       0x10 Src/main.o
 .debug_ranges  0x0000000000000010       0x18 Src/tim.o
 .debug_ranges  0x0000000000000028       0x20 Startup/startup_stm32f446retx.o

.debug_macro    0x0000000000000000     0x1105
 .debug_macro   0x0000000000000000      0x253 Src/main.o
 .debug_macro   0x0000000000000253       0x4c Src/main.o
 .debug_macro   0x000000000000029f       0x18 Src/main.o
 .debug_macro   0x00000000000002b7       0x94 Src/main.o
 .debug_macro   0x000000000000034b       0x3c Src/main.o
 .debug_macro   0x0000000000000387       0x34 Src/main.o
 .debug_macro   0x00000000000003bb       0x16 Src/main.o
 .debug_macro   0x00000000000003d1       0x57 Src/main.o
 .debug_macro   0x0000000000000428       0x97 Src/main.o
 .debug_macro   0x00000000000004bf      0x339 Src/main.o
 .debug_macro   0x00000000000007f8       0xfd Src/main.o
 .debug_macro   0x00000000000008f5       0x10 Src/main.o
 .debug_macro   0x0000000000000905       0x16 Src/main.o
 .debug_macro   0x000000000000091b       0x43 Src/main.o
 .debug_macro   0x000000000000095e       0x34 Src/main.o
 .debug_macro   0x0000000000000992       0x10 Src/main.o
 .debug_macro   0x00000000000009a2       0x58 Src/main.o
 .debug_macro   0x00000000000009fa       0x71 Src/main.o
 .debug_macro   0x0000000000000a6b       0x1c Src/main.o
 .debug_macro   0x0000000000000a87      0x12a Src/main.o
 .debug_macro   0x0000000000000bb1       0x10 Src/main.o
 .debug_macro   0x0000000000000bc1       0x1c Src/main.o
 .debug_macro   0x0000000000000bdd       0x52 Src/main.o
 .debug_macro   0x0000000000000c2f       0x22 Src/main.o
 .debug_macro   0x0000000000000c51       0x10 Src/main.o
 .debug_macro   0x0000000000000c61       0x40 Src/main.o
 .debug_macro   0x0000000000000ca1       0xd5 Src/main.o
 .debug_macro   0x0000000000000d76       0x1c Src/main.o
 .debug_macro   0x0000000000000d92       0x3d Src/main.o
 .debug_macro   0x0000000000000dcf       0x16 Src/main.o
 .debug_macro   0x0000000000000de5      0x145 Src/main.o
 .debug_macro   0x0000000000000f2a       0xd9 Src/main.o
 .debug_macro   0x0000000000001003       0x10 Src/main.o
 .debug_macro   0x0000000000001013       0xf2 Src/tim.o

.debug_line     0x0000000000000000      0xc7b
 .debug_line    0x0000000000000000      0x6e2 Src/main.o
 .debug_line    0x00000000000006e2      0x515 Src/tim.o
 .debug_line    0x0000000000000bf7       0x84 Startup/startup_stm32f446retx.o

.debug_str      0x0000000000000000    0x8edde
 .debug_str     0x0000000000000000    0x8eb54 Src/main.o
                                      0x8edd2 (size before relaxing)
 .debug_str     0x000000000008eb54      0x259 Src/tim.o
                                      0x8abd1 (size before relaxing)
 .debug_str     0x000000000008edad       0x31 Startup/startup_stm32f446retx.o
                                         0x92 (size before relaxing)

.comment        0x0000000000000000       0x53
 .comment       0x0000000000000000       0x53 Src/main.o
                                         0x54 (size before relaxing)
 .comment       0x0000000000000053       0x54 Src/tim.o

.debug_frame    0x0000000000000000       0xa8
 .debug_frame   0x0000000000000000       0x2c Src/main.o
 .debug_frame   0x000000000000002c       0x50 Src/tim.o
 .debug_frame   0x000000000000007c       0x2c c:/st/stm32cubeide_1.6.1/stm32cubeide/plugins/com.st.stm32cube.ide.mcu.externaltools.gnu-tools-for-stm32.9-2020-q2-update.win32_1.5.0.202011040924/tools/bin/../lib/gcc/arm-none-eabi/9.3.1/../../../../arm-none-eabi/lib/thumb/v7e-m+fp/hard\libc_nano.a(lib_a-init.o)
